main.c:167:6:SaveReflowParameters	0	static
main.c:172:6:HAL_UART_RxCpltCallback	8	static
main.c:178:6:NEXTION_SendString	64	static
main.c:187:6:NEXTION_SendFloat	72	static
main.c:194:6:NEXTION_SendFloat_CurrentTemp	72	static
main.c:202:6:NEXTION_SenduInt	64	static
main.c:210:6:NEXTION_CMD	16	static
main.c:216:6:UpdatePage	8	static
main.c:226:6:NextionDrawDot	64	static
main.c:235:6:NextionDrawTemp	64	static
main.c:243:11:HandleKeyPad	24	static
main.c:273:6:Update_Page_3	16	static
main.c:289:6:Update_Page_0	32	static
main.c:328:6:Update_Page_2	16	static
main.c:794:6:HAL_TIM_PeriodElapsedCallback	48	static
main.c:870:6:calculateReflowCurve	48	static
main.c:925:6:Draw_Reflow_Curve	24	static
main.c:943:6:startReflow	8	static
main.c:952:6:stopReflow	8	static
main.c:340:6:HandleGui	24	static
main.c:963:6:beepBeep	16	static
main.c:1080:6:SystemClock_Config	72	static,ignoring_inline_asm
main.c:992:5:main	88	static,ignoring_inline_asm
main.c:1339:6:Error_Handler	0	static,ignoring_inline_asm
