arm_math.h:4795:29:arm_pid_f32	32	static
main.c:157:6:SaveReflowParameters	8	static
main.c:162:6:HAL_UART_RxCpltCallback	16	static
main.c:168:6:NEXTION_SendString	72	static
main.c:177:6:NEXTION_SendFloat	80	static
main.c:184:6:NEXTION_SendFloat_CurrentTemp	80	static
main.c:192:6:NEXTION_SenduInt	72	static
main.c:200:6:NEXTION_CMD	16	static
main.c:206:6:UpdatePage	8	static
main.c:216:6:NextionDrawDot	72	static
main.c:225:6:NextionDrawTemp	72	static
main.c:233:11:HandleKeyPad	16	static
main.c:263:6:Update_Page_3	24	static
main.c:279:6:Update_Page_0	48	static
main.c:318:6:Update_Page_2	24	static
main.c:331:6:HandleGui	152	static
main.c:774:6:HAL_TIM_PeriodElapsedCallback	24	static
main.c:844:6:calculateReflowCurve	48	static
main.c:899:6:Draw_Reflow_Curve	40	static
main.c:917:6:startReflow	8	static
main.c:926:6:stopReflow	8	static
main.c:937:6:beepBeep	8	static
main.c:966:5:main	8	static
main.c:1094:6:SystemClock_Config	72	static
main.c:1133:13:MX_SPI1_Init	8	static
main.c:1171:13:MX_TIM1_Init	80	static
main.c:1236:13:MX_TIM4_Init	32	static
main.c:1281:13:MX_USART1_UART_Init	8	static
main.c:1314:13:MX_GPIO_Init	32	static
main.c:1353:6:Error_Handler	4	static,ignoring_inline_asm
