arm_math.h:4795:29:arm_pid_f32	32	static
main.c:167:6:SaveReflowParameters	8	static
main.c:172:6:HAL_UART_RxCpltCallback	16	static
main.c:178:6:NEXTION_SendString	72	static
main.c:187:6:NEXTION_SendFloat	80	static
main.c:194:6:NEXTION_SendFloat_CurrentTemp	80	static
main.c:202:6:NEXTION_SenduInt	72	static
main.c:210:6:NEXTION_CMD	16	static
main.c:216:6:UpdatePage	8	static
main.c:226:6:NextionDrawDot	72	static
main.c:235:6:NextionDrawTemp	72	static
main.c:243:11:HandleKeyPad	16	static
main.c:273:6:Update_Page_3	24	static
main.c:289:6:Update_Page_0	48	static
main.c:328:6:Update_Page_2	24	static
main.c:340:6:HandleGui	152	static
main.c:794:6:HAL_TIM_PeriodElapsedCallback	24	static
main.c:870:6:calculateReflowCurve	48	static
main.c:925:6:Draw_Reflow_Curve	40	static
main.c:943:6:startReflow	8	static
main.c:952:6:stopReflow	8	static
main.c:963:6:beepBeep	8	static
main.c:992:5:main	8	static
main.c:1080:6:SystemClock_Config	72	static
main.c:1119:13:MX_SPI1_Init	8	static
main.c:1157:13:MX_TIM1_Init	80	static
main.c:1222:13:MX_TIM4_Init	32	static
main.c:1267:13:MX_USART1_UART_Init	8	static
main.c:1300:13:MX_GPIO_Init	32	static
main.c:1339:6:Error_Handler	4	static,ignoring_inline_asm
