arm_math.h:4795:29:arm_pid_f32	32	static
main.c:125:6:SaveParameters	8	static
main.c:134:6:HAL_UART_RxCpltCallback	16	static
main.c:139:6:NEXTION_SendString	72	static
main.c:147:6:NEXTION_SendFloat	88	static
main.c:154:6:NEXTION_SenduInt	72	static
main.c:161:6:NEXTION_CMD	16	static
main.c:166:6:UpdatePage	8	static
main.c:175:6:NextionDrawDot	72	static
main.c:183:6:NextionDrawTemp	72	static
main.c:193:11:HandleKeyPad	24	static
main.c:224:6:Update_Page_3	24	static
main.c:239:6:Update_Page_0	48	static
main.c:279:6:Update_Page_2	24	static
main.c:292:6:HandleGui	152	static
main.c:559:6:HAL_TIM_PeriodElapsedCallback	48	static
main.c:631:6:setReflowParameters	4	static
main.c:644:6:calculateReflowCurve	48	static
main.c:702:6:Draw_Reflow_Curve	40	static
main.c:723:6:startReflow	8	static
main.c:733:6:stopReflow	8	static
main.c:748:5:main	8	static
main.c:859:6:SystemClock_Config	72	static
main.c:898:13:MX_SPI1_Init	8	static
main.c:936:13:MX_TIM1_Init	80	static
main.c:1001:13:MX_TIM4_Init	32	static
main.c:1046:13:MX_USART1_UART_Init	8	static
main.c:1079:13:MX_GPIO_Init	32	static
main.c:1111:6:Error_Handler	4	static,ignoring_inline_asm
