arm_math.h:4795:29:arm_pid_f32	32	static
main.c:167:6:SaveReflowParameters	8	static
main.c:172:6:HAL_UART_RxCpltCallback	16	static
main.c:178:6:NEXTION_SendString	72	static
main.c:187:6:NEXTION_SendFloat	80	static
main.c:195:6:NEXTION_SenduInt	72	static
main.c:203:6:NEXTION_CMD	16	static
main.c:209:6:UpdatePage	8	static
main.c:219:6:NextionDrawDot	72	static
main.c:228:6:NextionDrawTemp	72	static
main.c:236:11:HandleKeyPad	16	static
main.c:266:6:Update_Page_3	24	static
main.c:282:6:Update_Page_0	48	static
main.c:321:6:Update_Page_2	24	static
main.c:333:6:HandleGui	152	static
main.c:762:6:HAL_TIM_PeriodElapsedCallback	24	static
main.c:838:6:calculateReflowCurve	48	static
main.c:893:6:Draw_Reflow_Curve	40	static
main.c:911:6:startReflow	8	static
main.c:920:6:stopReflow	8	static
main.c:931:6:beepBeep	8	static
main.c:960:5:main	8	static
main.c:1048:6:SystemClock_Config	72	static
main.c:1087:13:MX_SPI1_Init	8	static
main.c:1125:13:MX_TIM1_Init	80	static
main.c:1190:13:MX_TIM4_Init	32	static
main.c:1235:13:MX_USART1_UART_Init	8	static
main.c:1268:13:MX_GPIO_Init	32	static
main.c:1307:6:Error_Handler	4	static,ignoring_inline_asm
